// Jest Snapshot v1, https://goo.gl/fbAQLP

exports[`Test Footer validates the footer content using snapshot 1`] = `"<footer class=\\"footer\\"><div>Copyright Â© Kevin Guo</div><div>Powered by FourSquare API</div><div>Powered by Next.js framework</div></footer>"`;
